{
  "exclude_regex": null,
  "generated_at": "2018-10-30T14:48:48Z",
  "plugins_used": [
    {
      "base64_limit": 4.5,
      "name": "Base64HighEntropyString"
    },
    {
      "name": "BasicAuthDetector"
    },
    {
      "hex_limit": 3,
      "name": "HexHighEntropyString"
    },
    {
      "name": "PrivateKeyDetector"
    }
  ],
  "results": {},
  "version": "0.10.4"
}
